Batch 91 complete. Results appended to full_sample_label_additional_prompt.csv
Error processing batch starting at index 4550: Invalid json output: To classify the startup "Rep AI" based on the given description and schema, we need to assess the strategic role of AI in its product offerings. The startup provides "artificial intelligence eCommerce services," which indicates the use of AI in enhancing eCommerce operations. However, without more specific details, we will consider the likelihood of both roles:

### Analysis
- **AI-Native Product**: If Rep AI's core services revolve around generating AI-driven insights directly applied to eCommerce, such as automated product descriptions, automated pricing strategies based on market trends, or customer behavior predictions, the product could be AI-native. However, the term "services" suggests a broader offering that might include consulting or tools rather than purely AI output.
  
- **AI-Augmented Product**: If AI is used to enhance existing eCommerce operations like inventory management, customer support via chatbots, or personalized shopping experiences, this would be characteristic of an AI-augmented product.

Given the general nature of the description


Error processing batch starting at index 150: Invalid json output: Given the description of PayDay One Holdings, Inc., the provided services appear to be focused on offering payday loans and related financial services. There is no indication of any AI technology enabling full automation or performing significant supportive roles in human decision-making processes. Based on the description, ThinkCash itself does not directly involve AI automation processes as defined in the categories listed.

However, if ThinkCash hypothetically utilized an AI system in its operation for assessing credit risk or automating some part of the loan processing, it would likely fall under the category of either human-in-the-loop or recommendation/insight only. This is because:

1. If AI assesses applications but requires human oversight for final approval, it would be human-in-the-loop.
2. If AI provides risk scores without executing final decisions, it would be more of a recommendation or insight tool.

Without details on specific AI implementations, we assume a simple service model, likely without specific automation. Consideration is given based on described AI roles generally in financial tech
For troubleshooting, visit: https://python.langchain.com/docs/troubleshooting/errors/OUTPUT_PARSING_FAILURE 

Batch 59 complete. Results appended to full_sample_label_additional_prompt.csv
Error processing batch starting at index 2950: Invalid json output: Given the description of HiOperator providing customer support as a service for businesses, let's analyze the degree of automation involved.

1. **Full Automation**: If HiOperator offers a fully automated customer support system where no human interaction is required, it would be considered full automation. However, customer support often requires understanding and empathy, which typically involves human interaction. Therefore, full automation is less probable.

2. **Human-in-the-loop**: Many customer support systems involve AI tools that assist support representatives by automating certain tasks while still requiring human agents to handle complex queries or to approve automated responses. This scenario is common in customer support services, suggesting a high probability for human-in-the-loop.

3. **Recommendation/Insight Only**: If the AI merely provides suggestions or insights for customer issues without executing actions or communicating with customers, it falls under this category. This would be less common in a service like customer support as it involves executing actions rather than providing insights alone.

Based on the above analysis, Hi
For troubleshooting, visit: https://python.langchain.com/docs/troubleshooting/errors/OUTPUT_PARSING_FAILURE 
